──╳─────────────────╳─────────────────╳─────────────────
  │                 │                 │                 
──╳────────╳────────╳────────╳────────╳────────╳────────
           │                 │                 │        
─────╳─────╳───────────╳─────╳───────────╳─────╳────────
     │                 │                 │              
─────╳────────╳────────╳────────╳────────╳────────╳─────
              │                 │                 │     
────────╳─────╳───────────╳─────╳───────────╳─────╳─────
        │                 │                 │           
────────╳────────╳────────╳────────╳────────╳────────╳──
                 │                 │                 │  
─────────────────╳─────────────────╳─────────────────╳──
──╳─────╳─────╳─────
  │     │     │     
──╳──╳──╳──╳──╳──╳──
     │     │     │  
──╳──╳──╳──╳──╳──╳──
  │     │     │     
──╳──╳──╳──╳──╳──╳──
     │     │     │  
──╳──╳──╳──╳──╳──╳──
  │     │     │     
──╳──╳──╳──╳──╳──╳──
     │     │     │  
─────╳─────╳─────╳──
