     ┏━┓   ┏━┓         ┏━┓           
|0⟩╶─┨H┠─●─┨T┠──────●──┨X┠──────●─── 
     ┗━┛ │ ┗━┛      │  ┗━┛      │    
     ┏━┓ │     ┏━┓  │      ┏━┓  │    
|0⟩╶─┨H┠─●──●──┨T┠──●───●──┨Y┠──●─── 
     ┗━┛    │  ┗━┛      │  ┗━┛       
     ┏━┓    │      ┏━┓  │      ┏━┓   
|0⟩╶─┨H┠────●───●──┨T┠──●───●──┨X┠── 
     ┗━┛        │  ┗━┛      │  ┗━┛   
     ┏━┓   ┏━┓  │      ┏━┓  │        
|0⟩╶─┨H┠─●─┨T┠──●───●──┨Y┠──●───●─── 
     ┗━┛ │ ┗━┛      │  ┗━┛      │    
     ┏━┓ │ ┏━┓      │  ┏━┓      │    
|0⟩╶─┨H┠─●─┨T┠──────●──┨X┠──────●─── 
     ┗━┛   ┗━┛         ┗━┛           
    ┏━┓               ┏━┓                ┏━┓                 
|0⟩╶┨H┠────────────●──┨T┠──────────●─────┨X┠──────────●───── 
    ┗━┛            │  ┗━┛          │     ┗━┛          │      
       ┏━┓         │            ┏━┓│               ┏━┓│      
|0⟩╶───┨H┠─────────●─●──────────┨T┠●────●──────────┨Y┠●───── 
       ┗━┛           │          ┗━┛     │          ┗━┛       
          ┏━┓        │               ┏━┓│               ┏━┓  
|0⟩╶──────┨H┠────────●─────────●─────┨T┠●─────────●─────┨X┠─ 
          ┗━┛                  │     ┗━┛          │     ┗━┛  
             ┏━┓         ┏━┓   │            ┏━┓   │          
|0⟩╶─────────┨H┠────●────┨T┠───●────●───────┨Y┠───●────●──── 
             ┗━┛    │    ┗━┛        │       ┗━┛        │     
                ┏━┓ │       ┏━┓     │          ┏━┓     │     
|0⟩╶────────────┨H┠─●───────┨T┠─────●──────────┨X┠─────●──── 
                ┗━┛         ┗━┛                ┗━┛           
