|x_1⟩╶────────────────────●──●────────●─── 
                          │  │        │    
|y_1⟩╶────────────────────●──⨁──●──●──⨁─── 
                          │     │  │       
|c_1⟩╶─────────────────⨁──┼─────●──⨁────── 
                       │  │     │          
  |0⟩╶─────────────────┼──⨁─────⨁───────── 
                       │                   
|x_0⟩╶──●──●────────●──┼────────────────── 
        │  │        │  │                   
|y_0⟩╶──●──⨁──●──●──⨁──┼────────────────── 
        │     │  │     │                   
|c_0⟩╶──┼─────●──⨁─────┼────────────────── 
        │     │        │                   
  |0⟩╶──⨁─────⨁────────●────────────────── 
|x⟩ = |0,1⟩
|y⟩ = |0,1⟩
|s⟩ = |1,0⟩
Computation: 1 + 1 = 2
Duration: 0.089 seconds
