     ┏━━━┓                                     ┏━━━━━━━┓   
|0⟩╶─┨ H ┠─────────●───────────────────────────┨       ┠── 
     ┣━━━┫         │                           ┃       ┃   
|0⟩╶─┨ H ┠─────────┼─────────────────●─────────┨       ┠── 
     ┣━━━┫         │                 │         ┃       ┃   
|0⟩╶─┨ H ┠─────────┼─────────────────┼─────────┨       ┠── 
     ┣━━━┫         │                 │         ┃       ┃   
|0⟩╶─┨ H ┠─────────┼─────────────────┼─────────┨ QFT^† ┠── 
     ┣━━━┫         │                 │         ┃       ┃   
|0⟩╶─┨ H ┠─────────┼─────────────────┼─────────┨       ┠── 
     ┣━━━┫         │                 │         ┃       ┃   
|0⟩╶─┨ H ┠─────────┼─────────────────┼─────────┨       ┠── 
     ┣━━━┫         │                 │         ┃       ┃   
|0⟩╶─┨ H ┠─────────┼─────────────────┼─────────┨       ┠── 
     ┣━━━┫         │                 │         ┃       ┃   
|0⟩╶─┨ H ┠─────────┼─────────────────┼─────────┨       ┠── 
     ┣━━━┫ ┏━━━━━━━┷━━━━━━━┓ ┏━━━━━━━┷━━━━━━━┓ ┗━━━━━━━┛   
|0⟩╶─┨ X ┠─┨               ┠─┨               ┠──────────── 
     ┗━━━┛ ┃               ┃ ┃               ┃             
|0⟩╶───────┨ U[a^2^0 % N]  ┠─┨ U[a^2^1 % N]  ┠──────────── 
           ┃               ┃ ┃               ┃             
|0⟩╶───────┨               ┠─┨               ┠──────────── 
           ┃               ┃ ┃               ┃             
|0⟩╶───────┨               ┠─┨               ┠──────────── 
           ┗━━━━━━━━━━━━━━━┛ ┗━━━━━━━━━━━━━━━┛             
Input number: 15
Bitstring=00000000, Probability=0.250, Period=1, (period not suitable)
Bitstring=00000010, Probability=0.250, Period=4, Factors: 3 and 5
Bitstring=00000001, Probability=0.250, Period=2, Factors: 3 and 5
Bitstring=00000011, Probability=0.250, Period=4, Factors: 3 and 5
