         ┏━┓               ┏━━━┓           
|x⟩╶─────┨T┠─⨁───●───────●─┨T^†┠───●──⨁─── 
         ┣━┫ │   │ ┏━━━┓ │ ┣━━━┫   │  │    
|y⟩╶─────┨T┠─●─⨁─┼─┨T^†┠─⨁─┨T^†┠─⨁─┼──●─── 
     ┏━┓ ┣━┫   │ │ ┗━━━┛   ┣━━━┫ │ │ ┏━┓   
|z⟩╶─┨H┠─┨T┠───●─⨁─────────┨ T ┠─●─⨁─┨H┠── 
     ┗━┛ ┗━┛               ┗━━━┛     ┗━┛   
Matrix([
[1, 0, 0, 0, 0, 0, 0, 0],
[0, 1, 0, 0, 0, 0, 0, 0],
[0, 0, 1, 0, 0, 0, 0, 0],
[0, 0, 0, 1, 0, 0, 0, 0],
[0, 0, 0, 0, 1, 0, 0, 0],
[0, 0, 0, 0, 0, 1, 0, 0],
[0, 0, 0, 0, 0, 0, 0, 1],
[0, 0, 0, 0, 0, 0, 1, 0]])
|x⟩ = a|0⟩ + b|1⟩
|y⟩ = c|0⟩ + d|1⟩
|z⟩ = u|0⟩ + v|1⟩
|x, y, z ⊕ xy⟩ = a*c*u|0,0,0⟩ + a*c*v|0,0,1⟩ + a*d*u|0,1,0⟩ + a*d*v|0,1,1⟩ + b*c*u|1,0,0⟩ + b*c*v|1,0,1⟩ + b*d*v|1,1,0⟩ + b*d*u|1,1,1⟩
